MPLINK 5.09, LINKER
Linker Map File - Created Fri May 15 12:01:52 2020

                                 Section Info
                  Section       Type    Address   Location Size(Bytes)
                ---------  ---------  ---------  ---------  ---------
                   .org_0       code   0x000000    program   0x000000
                   .org_1       code   0x000000    program   0x000002
                   .org_2       code   0x000010    program   0x000048
.config_2007_8-BIT_COUNTER.O       code   0x002007    program   0x000002



                              Program Memory Usage 
                               Start         End      
                           ---------   ---------      
                            0x000000    0x000000      
                            0x000010    0x000033      
                            0x002007    0x002007      
            38 out of 8454 program addresses used, program memory utilization is 0%



                              Symbols - Sorted by Name
                     Name    Address   Location    Storage File                     
                ---------  ---------  ---------  --------- ---------                
                    DELAY   0x000021    program     static D:\_Documents\__Cooper\ECE251_CompArch\MPLABXProjects\Assignment1.X\8-bit_counter.asm
                       L1   0x000017    program     static D:\_Documents\__Cooper\ECE251_CompArch\MPLABXProjects\Assignment1.X\8-bit_counter.asm
                       L2   0x000022    program     static D:\_Documents\__Cooper\ECE251_CompArch\MPLABXProjects\Assignment1.X\8-bit_counter.asm
                       L3   0x000024    program     static D:\_Documents\__Cooper\ECE251_CompArch\MPLABXProjects\Assignment1.X\8-bit_counter.asm
                       L4   0x000026    program     static D:\_Documents\__Cooper\ECE251_CompArch\MPLABXProjects\Assignment1.X\8-bit_counter.asm
                    start   0x000010    program     static D:\_Documents\__Cooper\ECE251_CompArch\MPLABXProjects\Assignment1.X\8-bit_counter.asm



                              Symbols - Sorted by Address
                     Name    Address   Location    Storage File                     
                ---------  ---------  ---------  --------- ---------                
                    start   0x000010    program     static D:\_Documents\__Cooper\ECE251_CompArch\MPLABXProjects\Assignment1.X\8-bit_counter.asm
                       L1   0x000017    program     static D:\_Documents\__Cooper\ECE251_CompArch\MPLABXProjects\Assignment1.X\8-bit_counter.asm
                    DELAY   0x000021    program     static D:\_Documents\__Cooper\ECE251_CompArch\MPLABXProjects\Assignment1.X\8-bit_counter.asm
                       L2   0x000022    program     static D:\_Documents\__Cooper\ECE251_CompArch\MPLABXProjects\Assignment1.X\8-bit_counter.asm
                       L3   0x000024    program     static D:\_Documents\__Cooper\ECE251_CompArch\MPLABXProjects\Assignment1.X\8-bit_counter.asm
                       L4   0x000026    program     static D:\_Documents\__Cooper\ECE251_CompArch\MPLABXProjects\Assignment1.X\8-bit_counter.asm


